// Jest Snapshot v1, https://goo.gl/fbAQLP

exports[`TextArea should render the textarea element 1`] = `
<textarea
  class="css-1bkhsa2"
/>
`;
