// Jest Snapshot v1, https://goo.gl/fbAQLP

exports[`Typography.Paragraph should correctly render p element with content 1`] = `
<p
  class="css-459kog-Paragraph"
>
  Lorem ipsum dolor sit amet...
</p>
`;
