// Jest Snapshot v1, https://goo.gl/fbAQLP

exports[`Typography.Text should render the text content 1`] = `
<span
  class="css-1ti22to"
>
  This is a text component
</span>
`;
