// Jest Snapshot v1, https://goo.gl/fbAQLP

exports[`Typography should correctly render article element with content 1`] = `
<article>
  Lorem ipsum dolor sit amet...
</article>
`;
