// Jest Snapshot v1, https://goo.gl/fbAQLP

exports[`Button should render the button text 1`] = `
<button
  class="css-4cc993-Button"
  type="button"
>
  Click Me
</button>
`;
