// Jest Snapshot v1, https://goo.gl/fbAQLP

exports[`Tag should render the tag text 1`] = `
<span
  class="css-1mp94v1-Tag"
>
  My Tag
</span>
`;
